[2019-11-30 22:08:42.234] [exthost] [info] extension host started
[2019-11-30 22:08:42.437] [exthost] [info] ExtensionService#_doActivateExtension vscode.debug-auto-launch {"startup":true,"extensionId":{"value":"vscode.debug-auto-launch","_lower":"vscode.debug-auto-launch"},"activationEvent":"*"}
[2019-11-30 22:08:42.440] [exthost] [info] ExtensionService#loadCommonJSModule file:///usr/lib/code/extensions/debug-auto-launch/dist/extension
[2019-11-30 22:08:42.445] [exthost] [info] ExtensionService#_doActivateExtension vscode.emmet {"startup":true,"extensionId":{"value":"vscode.emmet","_lower":"vscode.emmet"},"activationEvent":"*"}
[2019-11-30 22:08:42.446] [exthost] [info] ExtensionService#loadCommonJSModule file:///usr/lib/code/extensions/emmet/dist/extension
[2019-11-30 22:08:42.473] [exthost] [info] ExtensionService#_doActivateExtension vscode.git {"startup":true,"extensionId":{"value":"vscode.git","_lower":"vscode.git"},"activationEvent":"*"}
[2019-11-30 22:08:42.489] [exthost] [info] ExtensionService#loadCommonJSModule file:///usr/lib/code/extensions/git/dist/main
[2019-11-30 22:08:42.564] [exthost] [info] ExtensionService#_doActivateExtension vscode.merge-conflict {"startup":true,"extensionId":{"value":"vscode.merge-conflict","_lower":"vscode.merge-conflict"},"activationEvent":"*"}
[2019-11-30 22:08:42.564] [exthost] [info] ExtensionService#loadCommonJSModule file:///usr/lib/code/extensions/merge-conflict/dist/extension
[2019-11-30 22:08:42.571] [exthost] [info] eager extensions activated
[2019-11-30 22:08:56.806] [exthost] [info] extension host started
[2019-11-30 22:08:57.183] [exthost] [info] ExtensionService#_doActivateExtension vscode.debug-auto-launch {"startup":true,"extensionId":{"value":"vscode.debug-auto-launch","_lower":"vscode.debug-auto-launch"},"activationEvent":"*"}
[2019-11-30 22:08:57.184] [exthost] [info] ExtensionService#loadCommonJSModule file:///usr/lib/code/extensions/debug-auto-launch/dist/extension
[2019-11-30 22:08:57.195] [exthost] [info] ExtensionService#_doActivateExtension vscode.emmet {"startup":true,"extensionId":{"value":"vscode.emmet","_lower":"vscode.emmet"},"activationEvent":"*"}
[2019-11-30 22:08:57.202] [exthost] [info] ExtensionService#loadCommonJSModule file:///usr/lib/code/extensions/emmet/dist/extension
[2019-11-30 22:08:57.258] [exthost] [info] ExtensionService#_doActivateExtension vscode.git {"startup":true,"extensionId":{"value":"vscode.git","_lower":"vscode.git"},"activationEvent":"*"}
[2019-11-30 22:08:57.260] [exthost] [info] ExtensionService#loadCommonJSModule file:///usr/lib/code/extensions/git/dist/main
[2019-11-30 22:08:57.328] [exthost] [info] ExtensionService#_doActivateExtension vscode.merge-conflict {"startup":true,"extensionId":{"value":"vscode.merge-conflict","_lower":"vscode.merge-conflict"},"activationEvent":"*"}
[2019-11-30 22:08:57.338] [exthost] [info] ExtensionService#loadCommonJSModule file:///usr/lib/code/extensions/merge-conflict/dist/extension
[2019-11-30 22:08:57.351] [exthost] [info] eager extensions activated
[2019-11-30 22:08:58.392] [exthost] [info] ExtensionService#_doActivateExtension misogi.ruby-rubocop {"startup":false,"extensionId":{"value":"misogi.ruby-rubocop","_lower":"misogi.ruby-rubocop"},"activationEvent":"onLanguage:ruby"}
[2019-11-30 22:08:58.399] [exthost] [info] ExtensionService#loadCommonJSModule file:///home/alex/.vscode-oss/extensions/misogi.ruby-rubocop-0.8.1/out/src/extension
[2019-11-30 22:09:04.125] [exthost] [info] ExtensionService#_doActivateExtension rebornix.ruby {"startup":false,"extensionId":{"value":"rebornix.ruby","_lower":"rebornix.ruby"},"activationEvent":"onLanguage:ruby"}
[2019-11-30 22:09:04.125] [exthost] [info] ExtensionService#loadCommonJSModule file:///home/alex/.vscode-oss/extensions/rebornix.ruby-0.26.0/dist/client/ruby.js
