Looking for git in: git
Using git 2.24.0 from git
> git rev-parse --show-toplevel
> git rev-parse --git-dir
Open repository: /home/alex/Documents/itops/engsoc-dash
> git status -z -u
> git symbolic-ref --short HEAD
> git rev-parse dev
> git rev-parse --symbolic-full-name dev@{u}
> git rev-list --left-right dev...refs/remotes/origin/dev
> git for-each-ref --format %(refname) %(objectname) --sort -committerdate
> git remote --verbose
Failed to watch ref '/home/alex/Documents/itops/engsoc-dash/.git/refs/remotes/origin/dev', is most likely packed.
Error: ENOENT: no such file or directory, watch '/home/alex/Documents/itops/engsoc-dash/.git/refs/remotes/origin/dev'
	at FSWatcher.start (internal/fs/watchers.js:165:26)
	at Object.watch (fs.js:1270:11)
	at Object.t.watch (/usr/lib/code/extensions/git/dist/main.js:1:596727)
	at T.updateTransientWatchers (/usr/lib/code/extensions/git/dist/main.js:1:101098)
	at l.fire (/usr/lib/code/out/vs/workbench/services/extensions/node/extensionHostProcess.js:47:227)
	at E.updateModelState (/usr/lib/code/extensions/git/dist/main.js:1:119968)
> git config --get commit.template
> git rev-parse --show-toplevel
fatal: not a git repository (or any of the parent directories): .git
> git check-ignore -v -z --stdin
> git show :app/controllers/users_controller.rb
> git rev-parse --show-toplevel
fatal: not a git repository (or any of the parent directories): .git
> git show :app/controllers/users_controller.rb
> git check-ignore -v -z --stdin
> git show :app/controllers/application_controller.rb
> git show :app/controllers/job_posting_answers_controller.rb
